Microchip MPLAB XC8 Compiler V2.40

Linker command line:

-W-3 \
  --edf=C:/Users/User/.mchp_packs/Microchip/PIC18F-Q_DFP/1.15.360/xc8\pic\dat\20221230100821_en.msgs \
  -cn -h+dist/default/production\Sensor_colores.X.production.sym \
  --cmf=dist/default/production\Sensor_colores.X.production.cmf -z \
  -Q18F57Q84 -oC:\Users\User\AppData\Local\Temp\xcAshn4.4 \
  --defsym=__MPLAB_BUILD=1 --fixupoverflow=error \
  -Mdist/default/production/Sensor_colores.X.production.map \
  --md=C:\Users\User\AppData\Local\Temp\xcAshn4.dat -E1 -ver=XC8 Compiler \
  --acfsm=1493 -ACODE=00h-01FFFFh -ACONST=00h-01FFFFh \
  -ASMALLCONST=04000h-040FFhx448 \
  -AMEDIUMCONST=04000h-0FFFFh,014000h-01FFFFh -ACOMRAM=0501h-055Fh \
  -AABS1=0500h-036FFh -ABIGRAM=0501h-036FFh \
  -ARAM=0560h-05FFh,0600h-06FFhx49 -ABANK5=0560h-05FFh -ABANK6=0600h-06FFh \
  -ABANK7=0700h-07FFh -ABANK8=0800h-08FFh -ABANK9=0900h-09FFh \
  -ABANK10=0A00h-0AFFh -ABANK11=0B00h-0BFFh -ABANK12=0C00h-0CFFh \
  -ABANK13=0D00h-0DFFh -ABANK14=0E00h-0EFFh -ABANK15=0F00h-0FFFh \
  -ABANK16=01000h-010FFh -ABANK17=01100h-011FFh -ABANK18=01200h-012FFh \
  -ABANK19=01300h-013FFh -ABANK20=01400h-014FFh -ABANK21=01500h-015FFh \
  -ABANK22=01600h-016FFh -ABANK23=01700h-017FFh -ABANK24=01800h-018FFh \
  -ABANK25=01900h-019FFh -ABANK26=01A00h-01AFFh -ABANK27=01B00h-01BFFh \
  -ABANK28=01C00h-01CFFh -ABANK29=01D00h-01DFFh -ABANK30=01E00h-01EFFh \
  -ABANK31=01F00h-01FFFh -ABANK32=02000h-020FFh -ABANK33=02100h-021FFh \
  -ABANK34=02200h-022FFh -ABANK35=02300h-023FFh -ABANK36=02400h-024FFh \
  -ABANK37=02500h-025FFh -ABANK38=02600h-026FFh -ABANK39=02700h-027FFh \
  -ABANK40=02800h-028FFh -ABANK41=02900h-029FFh -ABANK42=02A00h-02AFFh \
  -ABANK43=02B00h-02BFFh -ABANK44=02C00h-02CFFh -ABANK45=02D00h-02DFFh \
  -ABANK46=02E00h-02EFFh -ABANK47=02F00h-02FFFh -ABANK48=03000h-030FFh \
  -ABANK49=03100h-031FFh -ABANK50=03200h-032FFh -ABANK51=03300h-033FFh \
  -ABANK52=03400h-034FFh -ABANK53=03500h-035FFh -ABANK54=03600h-036FFh \
  -ASFR=00h-0FFhx4,0400h-045Fh,0460h-04FFh,03700h-037FFhx9 \
  -ABIGSFR=00h-04FFh,03700h-03FFFh -ACONFIG=0300000h-0300023h \
  -AIDLOC=0200000h-020003Fh -AEEDATA=0380000h-03803FFh -peeprom_data=EEDATA \
  -preset_vec=00h -ppowerup=CODE,init -pramtop=04000h \
  -psmallconst=SMALLCONST -pmediumconst=MEDIUMCONST -pconst=CONST \
  -AFARRAM=00h-00h \
  -prdata=COMRAM,nvrram=COMRAM,nvbit=COMRAM,rbss=COMRAM,rbit=COMRAM \
  -pfarbss=FARRAM,fardata=FARRAM,nvFARRAM=FARRAM \
  -pintsave_regs=BIGRAM,bigbss=BIGRAM,bigdata=BIGRAM -pbss=RAM \
  -pidata=CODE,irdata=CODE,ibigdata=CODE,ifardata=CODE -prparam=COMRAM \
  C:\Users\User\AppData\Local\Temp\xcAshn4.o \
  dist/default/production\Sensor_colores.X.production.o 

Object code version is 3.11

Machine type is 18F57Q84



                Name                               Link     Load   Length Selector   Space Scale
C:\Users\User\AppData\Local\Temp\xcAshn4.o
                idloc                            200000   200000       40        0       5
                config                           300000   300000       23        0       4
                init                              1FFFC    1FFFC        4     FFFE       0
                reset_vec                             0        0        4        0       0
dist/default/production\Sensor_colores.X.production.o
                idloc                            200000   200000       40        0       5
                config                           300000   300000       23        0       4
                smallconst                         4000     4000       4A     2000       0
                text11                             43D6     43D6       1C     2025       0
                text10                             4432     4432        E     2025       0
                text9                              4424     4424        E     2025       0
                text8                              4416     4416        E     2025       0
                text7                              4330     4330       40     2025       0
                text6                              41C4     41C4       E4     2025       0
                text5                              43B4     43B4       22     2025       0
                text4                              4392     4392       22     2025       0
                text3                              4370     4370       22     2025       0
                text2                              42A8     42A8       88     2025       0
                text1                              4404     4404       12     2025       0
                text0                              404A     404A      17A     2025       0
                cstackCOMRAM                        515      515        5      501       1
                bssCOMRAM                           501      501       14      501       1
                cinit                              43F2     43F2       12     2025       0

TOTAL           Name                               Link     Load   Length     Space
        CLASS   CODE           
                init                              1FFFC    1FFFC        4         0
                reset_vec                             0        0        4         0
                text11                             43D6     43D6       1C         0
                text10                             4432     4432        E         0
                text9                              4424     4424        E         0
                text8                              4416     4416        E         0
                text7                              4330     4330       40         0
                text6                              41C4     41C4       E4         0
                text5                              43B4     43B4       22         0
                text4                              4392     4392       22         0
                text3                              4370     4370       22         0
                text2                              42A8     42A8       88         0
                text1                              4404     4404       12         0
                text0                              404A     404A      17A         0
                cinit                              43F2     43F2       12         0

        CLASS   CONST          

        CLASS   SMALLCONST     
                smallconst                         4000     4000       4A         0

        CLASS   MEDIUMCONST    

        CLASS   COMRAM         
                cstackCOMRAM                        515      515        5         1
                bssCOMRAM                           501      501       14         1

        CLASS   ABS1           

        CLASS   BIGRAM         

        CLASS   RAM            

        CLASS   BANK5          

        CLASS   BANK6          

        CLASS   BANK7          

        CLASS   BANK8          

        CLASS   BANK9          

        CLASS   BANK10         

        CLASS   BANK11         

        CLASS   BANK12         

        CLASS   BANK13         

        CLASS   BANK14         

        CLASS   BANK15         

        CLASS   BANK16         

        CLASS   BANK17         

        CLASS   BANK18         

        CLASS   BANK19         

        CLASS   BANK20         

        CLASS   BANK21         

        CLASS   BANK22         

        CLASS   BANK23         

        CLASS   BANK24         

        CLASS   BANK25         

        CLASS   BANK26         

        CLASS   BANK27         

        CLASS   BANK28         

        CLASS   BANK29         

        CLASS   BANK30         

        CLASS   BANK31         

        CLASS   BANK32         

        CLASS   BANK33         

        CLASS   BANK34         

        CLASS   BANK35         

        CLASS   BANK36         

        CLASS   BANK37         

        CLASS   BANK38         

        CLASS   BANK39         

        CLASS   BANK40         

        CLASS   BANK41         

        CLASS   BANK42         

        CLASS   BANK43         

        CLASS   BANK44         

        CLASS   BANK45         

        CLASS   BANK46         

        CLASS   BANK47         

        CLASS   BANK48         

        CLASS   BANK49         

        CLASS   BANK50         

        CLASS   BANK51         

        CLASS   BANK52         

        CLASS   BANK53         

        CLASS   BANK54         

        CLASS   SFR            

        CLASS   BIGSFR         

        CLASS   CONFIG         
                config                           300000   300000       23         4

        CLASS   IDLOC          
                idloc                            200000   200000       40         5

        CLASS   EEDATA         

        CLASS   FARRAM         

        CLASS   HEAP           

        CLASS   STACK          



SEGMENTS        Name                           Load    Length   Top    Selector   Space  Class

                reset_vec                      000000  000004  000004         0       0  CODE    
                bssCOMRAM                      000501  000019  00051A       501       1  COMRAM  
                smallconst                     004000  00004A  00404A      2000       0  SMALLCON
                text0                          00404A  0003F6  004440      2025       0  CODE    
                init                           01FFFC  000004  020000      FFFE       0  CODE    


UNUSED ADDRESS RANGES

        Name                Unused          Largest block    Delta
        BANK10           000A00-000AFF              100
        BANK11           000B00-000BFF              100
        BANK12           000C00-000CFF              100
        BANK13           000D00-000DFF              100
        BANK14           000E00-000EFF              100
        BANK15           000F00-000FFF              100
        BANK16           001000-0010FF              100
        BANK17           001100-0011FF              100
        BANK18           001200-0012FF              100
        BANK19           001300-0013FF              100
        BANK20           001400-0014FF              100
        BANK21           001500-0015FF              100
        BANK22           001600-0016FF              100
        BANK23           001700-0017FF              100
        BANK24           001800-0018FF              100
        BANK25           001900-0019FF              100
        BANK26           001A00-001AFF              100
        BANK27           001B00-001BFF              100
        BANK28           001C00-001CFF              100
        BANK29           001D00-001DFF              100
        BANK30           001E00-001EFF              100
        BANK31           001F00-001FFF              100
        BANK32           002000-0020FF              100
        BANK33           002100-0021FF              100
        BANK34           002200-0022FF              100
        BANK35           002300-0023FF              100
        BANK36           002400-0024FF              100
        BANK37           002500-0025FF              100
        BANK38           002600-0026FF              100
        BANK39           002700-0027FF              100
        BANK40           002800-0028FF              100
        BANK41           002900-0029FF              100
        BANK42           002A00-002AFF              100
        BANK43           002B00-002BFF              100
        BANK44           002C00-002CFF              100
        BANK45           002D00-002DFF              100
        BANK46           002E00-002EFF              100
        BANK47           002F00-002FFF              100
        BANK48           003000-0030FF              100
        BANK49           003100-0031FF              100
        BANK5            000560-0005FF               A0
        BANK50           003200-0032FF              100
        BANK51           003300-0033FF              100
        BANK52           003400-0034FF              100
        BANK53           003500-0035FF              100
        BANK54           003600-0036FF              100
        BANK6            000600-0006FF              100
        BANK7            000700-0007FF              100
        BANK8            000800-0008FF              100
        BANK9            000900-0009FF              100
        BIGRAM           00051A-0036FF             31E6
        BIGSFR           000000-0004FF              500
                         003700-003FFF              900
        CODE             000004-003FFF             3FFC
                         004440-01FFFB            1BBBC
        COMRAM           00051A-00055F               46
        CONFIG           300023-300023                1
        CONST            000004-003FFF             3FFC
                         004440-01FFFB            1BBBC
        EEDATA           380000-3803FF              400
        MEDIUMCONST      004440-00FFFF             BBC0
                         014000-01FFFB             BFFC
        RAM              000560-0036FF              100
        SFR              000000-0004FF              100
                         003700-003FFF              100
        SMALLCONST       004440-01FFFB              100

                                  Symbol Table

INT0_SetInterruptHandler@InterruptHandler          cstackCOMRAM 000515
INT1_SetInterruptHandler@InterruptHandler          cstackCOMRAM 000515
INT2_SetInterruptHandler@InterruptHandler          cstackCOMRAM 000515
UART2_FramingErrorCallbackRegister@callbackHandler cstackCOMRAM 000515
UART2_OverrunErrorCallbackRegister@callbackHandler cstackCOMRAM 000515
UART2_ParityErrorCallbackRegister@callbackHandler  cstackCOMRAM 000515
_ACTCON                                            (abs)        0000AC
_ANSELA                                            (abs)        000400
_ANSELB                                            (abs)        000408
_ANSELC                                            (abs)        000410
_ANSELD                                            (abs)        000418
_ANSELE                                            (abs)        000420
_ANSELF                                            (abs)        000428
_CLOCK_Initialize                                  text11       0043D6
_INLVLA                                            (abs)        000404
_INLVLB                                            (abs)        00040C
_INLVLC                                            (abs)        000414
_INLVLD                                            (abs)        00041C
_INLVLE                                            (abs)        000424
_INLVLF                                            (abs)        00042C
_INT0_DefaultInterruptHandler                      (abs)        000000
_INT0_InterruptHandler                             bssCOMRAM    000510
_INT0_SetInterruptHandler                          text10       004432
_INT1_DefaultInterruptHandler                      (abs)        000000
_INT1_InterruptHandler                             bssCOMRAM    00050D
_INT1_SetInterruptHandler                          text9        004424
_INT2_DefaultInterruptHandler                      (abs)        000000
_INT2_InterruptHandler                             bssCOMRAM    00050A
_INT2_SetInterruptHandler                          text8        004416
_INTCON0bits                                       (abs)        0004D6
_INTERRUPT_Initialize                              text7        004330
_IOCAF                                             (abs)        000407
_IOCAN                                             (abs)        000406
_IOCAP                                             (abs)        000405
_IOCBF                                             (abs)        00040F
_IOCBN                                             (abs)        00040E
_IOCBP                                             (abs)        00040D
_IOCCF                                             (abs)        000417
_IOCCN                                             (abs)        000416
_IOCCP                                             (abs)        000415
_IOCEF                                             (abs)        000427
_IOCEN                                             (abs)        000426
_IOCEP                                             (abs)        000425
_LATA                                              (abs)        0004BE
_LATB                                              (abs)        0004BF
_LATC                                              (abs)        0004C0
_LATCbits                                          (abs)        0004C0
_LATD                                              (abs)        0004C1
_LATDbits                                          (abs)        0004C1
_LATE                                              (abs)        0004C2
_LATF                                              (abs)        0004C3
_LATFbits                                          (abs)        0004C3
_ODCONA                                            (abs)        000402
_ODCONB                                            (abs)        00040A
_ODCONC                                            (abs)        000412
_ODCOND                                            (abs)        00041A
_ODCONE                                            (abs)        000422
_ODCONF                                            (abs)        00042A
_OSCCON1                                           (abs)        0000AD
_OSCCON3                                           (abs)        0000AF
_OSCEN                                             (abs)        0000B3
_OSCFRQ                                            (abs)        0000B1
_OSCTUNE                                           (abs)        0000B0
_PIN_MANAGER_Initialize                            text6        0041C4
_PIR10bits                                         (abs)        0004B8
_PIR1bits                                          (abs)        0004AF
_PIR6bits                                          (abs)        0004B4
_PORTBbits                                         (abs)        0004CF
_RB1I2C                                            (abs)        000289
_RB2I2C                                            (abs)        000288
_RB3PPS                                            (abs)        00020C
_RC3I2C                                            (abs)        000287
_RC4I2C                                            (abs)        000286
_SLRCONA                                           (abs)        000403
_SLRCONB                                           (abs)        00040B
_SLRCONC                                           (abs)        000413
_SLRCOND                                           (abs)        00041B
_SLRCONE                                           (abs)        000423
_SLRCONF                                           (abs)        00042B
_SYSTEM_Initialize                                 text1        004404
_TRISA                                             (abs)        0004C6
_TRISB                                             (abs)        0004C7
_TRISC                                             (abs)        0004C8
_TRISD                                             (abs)        0004C9
_TRISE                                             (abs)        0004CA
_TRISF                                             (abs)        0004CB
_U2BRGH                                            (abs)        0002C2
_U2BRGL                                            (abs)        0002C1
_U2CON0                                            (abs)        0002BE
_U2CON0bits                                        (abs)        0002BE
_U2CON1                                            (abs)        0002BF
_U2CON1bits                                        (abs)        0002BF
_U2CON2                                            (abs)        0002C0
_U2ERRIE                                           (abs)        0002C6
_U2ERRIR                                           (abs)        0002C5
_U2ERRIRbits                                       (abs)        0002C5
_U2FIFO                                            (abs)        0002C3
_U2FIFObits                                        (abs)        0002C3
_U2P1H                                             (abs)        0002B9
_U2P1L                                             (abs)        0002B8
_U2P2H                                             (abs)        0002BB
_U2P2L                                             (abs)        0002BA
_U2P3H                                             (abs)        0002BD
_U2P3L                                             (abs)        0002BC
_U2RXB                                             (abs)        0002B4
_U2RXCHK                                           (abs)        0002B5
_U2RXPPS                                           (abs)        000274
_U2TXB                                             (abs)        0002B6
_U2TXCHK                                           (abs)        0002B7
_U2UIR                                             (abs)        0002C4
_U2UIRbits                                         (abs)        0002C4
_UART2                                             smallconst   004001
_UART2_AutoBaudQuery                               (abs)        000000
_UART2_AutoBaudSet                                 (abs)        000000
_UART2_DefaultFramingErrorCallback                 (abs)        000000
_UART2_DefaultOverrunErrorCallback                 (abs)        000000
_UART2_DefaultParityErrorCallback                  (abs)        000000
_UART2_Deinitialize                                (abs)        000000
_UART2_ErrorGet                                    (abs)        000000
_UART2_FramingErrorCallbackRegister                text5        0043B4
_UART2_FramingErrorHandler                         bssCOMRAM    000507
_UART2_Initialize                                  text2        0042A8
_UART2_IsRxReady                                   (abs)        000000
_UART2_IsTxDone                                    (abs)        000000
_UART2_IsTxReady                                   (abs)        000000
_UART2_OverrunErrorCallbackRegister                text4        004392
_UART2_OverrunErrorHandler                         bssCOMRAM    000504
_UART2_ParityErrorCallbackRegister                 text3        004370
_UART2_ParityErrorHandler                          bssCOMRAM    000501
_UART2_Read                                        (abs)        000000
_UART2_TransmitDisable                             (abs)        000000
_UART2_TransmitEnable                              (abs)        000000
_UART2_Write                                       (abs)        000000
_WPUA                                              (abs)        000401
_WPUB                                              (abs)        000409
_WPUC                                              (abs)        000411
_WPUD                                              (abs)        000419
_WPUE                                              (abs)        000421
_WPUF                                              (abs)        000429
__HRAM                                             (abs)        000000
__Habs1                                            abs1         000000
__Hbank10                                          bank10       000000
__Hbank11                                          bank11       000000
__Hbank12                                          bank12       000000
__Hbank13                                          bank13       000000
__Hbank14                                          bank14       000000
__Hbank15                                          bank15       000000
__Hbank16                                          bank16       000000
__Hbank17                                          bank17       000000
__Hbank18                                          bank18       000000
__Hbank19                                          bank19       000000
__Hbank20                                          bank20       000000
__Hbank21                                          bank21       000000
__Hbank22                                          bank22       000000
__Hbank23                                          bank23       000000
__Hbank24                                          bank24       000000
__Hbank25                                          bank25       000000
__Hbank26                                          bank26       000000
__Hbank27                                          bank27       000000
__Hbank28                                          bank28       000000
__Hbank29                                          bank29       000000
__Hbank30                                          bank30       000000
__Hbank31                                          bank31       000000
__Hbank32                                          bank32       000000
__Hbank33                                          bank33       000000
__Hbank34                                          bank34       000000
__Hbank35                                          bank35       000000
__Hbank36                                          bank36       000000
__Hbank37                                          bank37       000000
__Hbank38                                          bank38       000000
__Hbank39                                          bank39       000000
__Hbank40                                          bank40       000000
__Hbank41                                          bank41       000000
__Hbank42                                          bank42       000000
__Hbank43                                          bank43       000000
__Hbank44                                          bank44       000000
__Hbank45                                          bank45       000000
__Hbank46                                          bank46       000000
__Hbank47                                          bank47       000000
__Hbank48                                          bank48       000000
__Hbank49                                          bank49       000000
__Hbank5                                           bank5        000000
__Hbank50                                          bank50       000000
__Hbank51                                          bank51       000000
__Hbank52                                          bank52       000000
__Hbank53                                          bank53       000000
__Hbank54                                          bank54       000000
__Hbank6                                           bank6        000000
__Hbank7                                           bank7        000000
__Hbank8                                           bank8        000000
__Hbank9                                           bank9        000000
__Hbigbss                                          bigbss       000000
__Hbigdata                                         bigdata      000000
__Hbigram                                          bigram       000000
__Hbigsfr                                          bigsfr       000000
__Hbss                                             bss          000000
__HbssCOMRAM                                       bssCOMRAM    000000
__Hcinit                                           cinit        000000
__Hclrtext                                         clrtext      000000
__Hcomram                                          comram       000000
__Hconfig                                          config       300023
__Hconst                                           const        000000
__HcstackCOMRAM                                    cstackCOMRAM 000000
__Hdata                                            data         000000
__Heeprom_data                                     eeprom_data  000000
__Hfarbss                                          farbss       000000
__Hfardata                                         fardata      000000
__Hheap                                            heap         000000
__Hibigdata                                        ibigdata     000000
__Hidata                                           idata        000000
__Hidloc                                           idloc        200040
__Hifardata                                        ifardata     000000
__Hinit                                            init         020000
__Hintsave_regs                                    intsave_regs 000000
__Hirdata                                          irdata       000000
__Hmediumconst                                     mediumconst  000000
__HnvFARRAM                                        nvFARRAM     000000
__Hnvbit                                           nvbit        000000
__Hnvrram                                          nvrram       000000
__Hparam                                           rparam       000000
__Hpowerup                                         powerup      000000
__Hram                                             ram          000000
__Hramtop                                          ramtop       004000
__Hrbit                                            rbit         000000
__Hrbss                                            rbss         000000
__Hrdata                                           rdata        000000
__Hreset_vec                                       reset_vec    000004
__Hrparam                                          rparam       000000
__Hsfr                                             sfr          000000
__Hsmallconst                                      smallconst   00404A
__Hspace_0                                         (abs)        020000
__Hspace_1                                         (abs)        00051A
__Hspace_2                                         (abs)        000000
__Hspace_4                                         (abs)        600023
__Hstack                                           stack        000000
__Hstruct                                          struct       000000
__Htemp                                            temp         000000
__Htext                                            text         000000
__Htext0                                           text0        000000
__Htext1                                           text1        000000
__Htext10                                          text10       000000
__Htext11                                          text11       000000
__Htext12                                          text12       000000
__Htext2                                           text2        000000
__Htext3                                           text3        000000
__Htext4                                           text4        000000
__Htext5                                           text5        000000
__Htext6                                           text6        000000
__Htext7                                           text7        000000
__Htext8                                           text8        000000
__Htext9                                           text9        000000
__LRAM                                             (abs)        000001
__Labs1                                            abs1         000000
__Lbank10                                          bank10       000000
__Lbank11                                          bank11       000000
__Lbank12                                          bank12       000000
__Lbank13                                          bank13       000000
__Lbank14                                          bank14       000000
__Lbank15                                          bank15       000000
__Lbank16                                          bank16       000000
__Lbank17                                          bank17       000000
__Lbank18                                          bank18       000000
__Lbank19                                          bank19       000000
__Lbank20                                          bank20       000000
__Lbank21                                          bank21       000000
__Lbank22                                          bank22       000000
__Lbank23                                          bank23       000000
__Lbank24                                          bank24       000000
__Lbank25                                          bank25       000000
__Lbank26                                          bank26       000000
__Lbank27                                          bank27       000000
__Lbank28                                          bank28       000000
__Lbank29                                          bank29       000000
__Lbank30                                          bank30       000000
__Lbank31                                          bank31       000000
__Lbank32                                          bank32       000000
__Lbank33                                          bank33       000000
__Lbank34                                          bank34       000000
__Lbank35                                          bank35       000000
__Lbank36                                          bank36       000000
__Lbank37                                          bank37       000000
__Lbank38                                          bank38       000000
__Lbank39                                          bank39       000000
__Lbank40                                          bank40       000000
__Lbank41                                          bank41       000000
__Lbank42                                          bank42       000000
__Lbank43                                          bank43       000000
__Lbank44                                          bank44       000000
__Lbank45                                          bank45       000000
__Lbank46                                          bank46       000000
__Lbank47                                          bank47       000000
__Lbank48                                          bank48       000000
__Lbank49                                          bank49       000000
__Lbank5                                           bank5        000000
__Lbank50                                          bank50       000000
__Lbank51                                          bank51       000000
__Lbank52                                          bank52       000000
__Lbank53                                          bank53       000000
__Lbank54                                          bank54       000000
__Lbank6                                           bank6        000000
__Lbank7                                           bank7        000000
__Lbank8                                           bank8        000000
__Lbank9                                           bank9        000000
__Lbigbss                                          bigbss       000000
__Lbigdata                                         bigdata      000000
__Lbigram                                          bigram       000000
__Lbigsfr                                          bigsfr       000000
__Lbss                                             bss          000000
__LbssCOMRAM                                       bssCOMRAM    000000
__Lcinit                                           cinit        000000
__Lclrtext                                         clrtext      000000
__Lcomram                                          comram       000000
__Lconfig                                          config       000000
__Lconst                                           const        000000
__LcstackCOMRAM                                    cstackCOMRAM 000000
__Ldata                                            data         000000
__Leeprom_data                                     eeprom_data  000000
__Lfarbss                                          farbss       000000
__Lfardata                                         fardata      000000
__Lheap                                            heap         000000
__Libigdata                                        ibigdata     000000
__Lidata                                           idata        000000
__Lidloc                                           idloc        000000
__Lifardata                                        ifardata     000000
__Linit                                            init         01FFFC
__Lintsave_regs                                    intsave_regs 000000
__Lirdata                                          irdata       000000
__Lmediumconst                                     mediumconst  000000
__LnvFARRAM                                        nvFARRAM     000000
__Lnvbit                                           nvbit        000000
__Lnvrram                                          nvrram       000000
__Lparam                                           rparam       000000
__Lpowerup                                         powerup      000000
__Lram                                             ram          000000
__Lramtop                                          ramtop       004000
__Lrbit                                            rbit         000000
__Lrbss                                            rbss         000000
__Lrdata                                           rdata        000000
__Lreset_vec                                       reset_vec    000000
__Lrparam                                          rparam       000000
__Lsfr                                             sfr          000000
__Lsmallconst                                      smallconst   004000
__Lspace_0                                         (abs)        000000
__Lspace_1                                         (abs)        000000
__Lspace_2                                         (abs)        000000
__Lspace_4                                         (abs)        000000
__Lstack                                           stack        000000
__Lstruct                                          struct       000000
__Ltemp                                            temp         000000
__Ltext                                            text         000000
__Ltext0                                           text0        000000
__Ltext1                                           text1        000000
__Ltext10                                          text10       000000
__Ltext11                                          text11       000000
__Ltext12                                          text12       000000
__Ltext2                                           text2        000000
__Ltext3                                           text3        000000
__Ltext4                                           text4        000000
__Ltext5                                           text5        000000
__Ltext6                                           text6        000000
__Ltext7                                           text7        000000
__Ltext8                                           text8        000000
__Ltext9                                           text9        000000
__S0                                               (abs)        020000
__S1                                               (abs)        00051A
__S4                                               (abs)        000000
__S5                                               (abs)        000000
___heap_hi                                         (abs)        000000
___heap_lo                                         (abs)        000000
___inthi_sp                                        stack        000000
___intlo_sp                                        stack        000000
___param_bank                                      (abs)        000000
___rparam_used                                     (abs)        000001
___sp                                              stack        000000
__accesstop                                        (abs)        000560
__activetblptr                                     (abs)        000003
__end_of_CLOCK_Initialize                          text11       0043F2
__end_of_INT0_SetInterruptHandler                  text10       004440
__end_of_INT1_SetInterruptHandler                  text9        004432
__end_of_INT2_SetInterruptHandler                  text8        004424
__end_of_INTERRUPT_Initialize                      text7        004370
__end_of_PIN_MANAGER_Initialize                    text6        0042A8
__end_of_SYSTEM_Initialize                         text1        004416
__end_of_UART2                                     smallconst   004049
__end_of_UART2_FramingErrorCallbackRegister        text5        0043D6
__end_of_UART2_Initialize                          text2        004330
__end_of_UART2_OverrunErrorCallbackRegister        text4        0043B4
__end_of_UART2_ParityErrorCallbackRegister         text3        004392
__end_of__initialization                           cinit        0043FE
__end_of_main                                      text0        0041C4
__initialization                                   cinit        0043F2
__mediumconst                                      mediumconst  000000
__pbssCOMRAM                                       bssCOMRAM    000501
__pcinit                                           cinit        0043F2
__pcstackCOMRAM                                    cstackCOMRAM 000515
__psmallconst                                      smallconst   004000
__ptext0                                           text0        00404A
__ptext1                                           text1        004404
__ptext10                                          text10       004432
__ptext11                                          text11       0043D6
__ptext12                                          text12       000000
__ptext2                                           text2        0042A8
__ptext3                                           text3        004370
__ptext4                                           text4        004392
__ptext5                                           text5        0043B4
__ptext6                                           text6        0041C4
__ptext7                                           text7        004330
__ptext8                                           text8        004416
__ptext9                                           text9        004424
__ramtop                                           ramtop       004000
__smallconst                                       smallconst   004000
_main                                              text0        00404A
_uart2RxLastError                                  bssCOMRAM    000513
end_of_initialization                              cinit        0043FE
intlevel0                                          text         000000
intlevel1                                          text         000000
intlevel2                                          text         000000
intlevel3                                          text         000000
isa$std                                            (abs)        000001
isa$xinst                                          (abs)        000000
stackhi                                            (abs)        000000
stacklo                                            (abs)        000000
start                                              init         01FFFC
start_initialization                               cinit        0043F2


MODULE INFORMATION

Module		Function		Class		Link	Load	Size
mcc_generated_files/system/src/interrupt.c
		_INT0_SetInterruptHandler		CODE           	4432	0000	14
		_INT1_SetInterruptHandler		CODE           	4424	0000	14
		_INT2_SetInterruptHandler		CODE           	4416	0000	14
		_INTERRUPT_Initialize		CODE           	4330	0000	64

mcc_generated_files/system/src/interrupt.c estimated size: 106

mcc_generated_files/system/src/pins.c
		_PIN_MANAGER_Initialize		CODE           	41C4	0000	228

mcc_generated_files/system/src/pins.c estimated size: 228

shared
		__initialization		CODE           	43F2	0000	12
		_UART2         		SMALLCONST     	4001	0000	72

shared estimated size: 84

mcc_generated_files/system/src/clock.c
		_CLOCK_Initialize		CODE           	43D6	0000	28

mcc_generated_files/system/src/clock.c estimated size: 28

main.c
		_main          		CODE           	404A	0000	378

main.c estimated size: 378

mcc_generated_files/uart/src/uart2.c
		_UART2_ParityErrorCallbackRegister		CODE           	4370	0000	34
		_UART2_FramingErrorCallbackRegister		CODE           	43B4	0000	34
		_UART2_OverrunErrorCallbackRegister		CODE           	4392	0000	34
		_UART2_Initialize		CODE           	42A8	0000	136

mcc_generated_files/uart/src/uart2.c estimated size: 238

mcc_generated_files/system/src/system.c
		_SYSTEM_Initialize		CODE           	4404	0000	18

mcc_generated_files/system/src/system.c estimated size: 18

